// Jest Snapshot v1, https://goo.gl/fbAQLP

exports[`renders correctly 1`] = `
<div
  className="my-4"
>
  <label
    className="text-md md:text-subtitle capitalize text-black text-opacity-50"
  />
  <br />
  <input
    className="text-sm md:text-md lg:text-xl max-h-8 py-3 px-2 md:py-6 md:px-4 mt-2 w-full border border-black border-opacity-20 rounded-lg outline-none focus:border-blue-dark transition duration-200"
    required={true}
  />
</div>
`;
