// Jest Snapshot v1, https://goo.gl/fbAQLP

exports[`renders correctly 1`] = `
Array [
  <div
    className="h-firstsection  lg:-mt-0 mt-32"
  >
    <div
      className="absolute lg:top-2 top-16 left-0 z-0"
    >
      <img
        alt="Background"
        className="h-auto w-auto"
        src="Background.svg"
      />
    </div>
    <div
      className="flex lg:flex-row flex-col lg:justify-between lg:m-56 relative z-40"
    >
      <div
        className="pt-20 pb-28 flex flex-col lg:transform lg:translate-y-0 transform translate-y-56"
      >
        <div
          className="lg:text-4xl text-base pl-4"
        >
          WE ARE HERE TO
        </div>
        <div
          className="lg:text-9xl  text-6xl pl-4"
        >
          HELP
        </div>
        <div>
          <button
            className="mt-6 ml-4 py-2 px-6 lg:py-4 lg:px-6 lg:text-subtitle text-base rounded-md bg-blue-dark border hover:bg-white hover:text-blue-dark hover:border-blue-dark"
            type="button"
          >
            BOOK AN APPOINTMENT
          </button>
        </div>
      </div>
      <div
        className="transform -translate-y-72 w-64 lg:transform lg:-translate-y-0 lg:w-auto lg:ml-0 ml-16"
      >
        <img
          alt="HP_illustration"
          src="HP_illustration.svg"
        />
      </div>
    </div>
  </div>,
  <div
    className="text-left bg-yellow-primary h-section w-full px-sides m-"
  >
    <div
      className="lg:text-5xl text-lg font-bold lg:w-7/12 lg:font-normal lg:pt-20 pt-20 uppercase"
    >
      Professional, licensed, and vetted therapists that you can trust
    </div>
    <div
      className="pt-12 pb-16"
    >
      <img
        alt="therapists"
        src="therapists.svg"
      />
    </div>
    <div
      className="lg:text-lg text-sm lg:w-8/12 lg:pb-20"
    >
      Tap into the world's largest network of licensed, accredited, and experienced therapists who can help you with a range of issues including depression, anxiety, relationships, trauma, grief, and more. with our therapists, you get the same professionalism and quality you would expect from an in-office therapist, but with the ability to communicate whenever and however you want.
    </div>
    <div>
      <button
        className="mt-6 lg:py-4 lg:px-6  py-2 px-6 lg:text-subtitle text-base rounded-md bg-blue-dark border hover:bg-white hover:text-blue-dark hover:border-blue-dark"
        type="button"
      >
        LEARN MORE
      </button>
    </div>
  </div>,
  <div
    className=" md:h-section flex flex-col justify-evenly px-sides"
  >
    <h1
      className="sm:text-xl md:text-4xl xl:text-title pb-2 uppercase mb-2"
    >
      we can communicate through
    </h1>
    <div
      className="flex flex-col md:flex-row items-center md:items-start md:justify-around"
    >
      <div
        className="flex flex-col max-w-sm items-center shadow-lg rounded-lg h-full w-11/12 md:w-1/3 my-6 md:my-0 md:mx-2 p-2 lg:py-6 lg:px-12"
      >
        <img
          alt=""
          className="flex-initial mb-4"
          src="phone-cell.svg"
        />
        <h3
          className="text-center text-xl  lg:text-3xl 2xl:text-title pb-1 capitalize"
        >
          voice call
        </h3>
        <p
          className="text-opacity-50 text-black text-center text-sm md:text-md lg:text-paragraph py-4"
        >
          Feeling ready to start a conversation? Give your therapist a voice call and talk your heart out!
        </p>
      </div>
      <div
        className="flex flex-col max-w-sm items-center shadow-lg rounded-lg h-full w-11/12 md:w-1/3 my-6 md:my-0 md:mx-2 p-2 lg:py-6 lg:px-12"
      >
        <img
          alt=""
          className="flex-initial mb-4"
          src="chat-icon.svg"
        />
        <h3
          className="text-center text-xl  lg:text-3xl 2xl:text-title pb-1 capitalize"
        >
          chat
        </h3>
        <p
          className="text-opacity-50 text-black text-center text-sm md:text-md lg:text-paragraph py-4"
        >
          Need to talk to someone?Come have a chat with your therapist!
        </p>
      </div>
      <div
        className="flex flex-col max-w-sm items-center shadow-lg rounded-lg h-full w-11/12 md:w-1/3 my-6 md:my-0 md:mx-2 p-2 lg:py-6 lg:px-12"
      >
        <img
          alt=""
          className="flex-initial mb-4"
          src="video-call-icon.svg"
        />
        <h3
          className="text-center text-xl  lg:text-3xl 2xl:text-title pb-1 capitalize"
        >
          video call
        </h3>
        <p
          className="text-opacity-50 text-black text-center text-sm md:text-md lg:text-paragraph py-4"
        >
          For better experience therapists recommend video calls, but always remember that its a choice!
        </p>
      </div>
    </div>
  </div>,
  <div
    className="flex flex-col justify-evenly h-64 lg:h-section px-sides bg-blue-light"
  >
    <div
      className="text-3xl lg:text-title"
    >
      RECENT BLOGS
    </div>
    <div
      className="flex justify-between items-center"
    >
      <button
        className="mr-2 lg:mr-4 h-10 lg:h-12 w-10 lg:w-12 px-3 bg-white rounded-lg border-2 border-black hover:bg-blue-dark"
        onClick={[Function]}
        type="button"
      >
        <img
          alt="Previous"
          src="Prev.svg"
        />
      </button>
      <div
        className="relative h-40 lg:h-80 w-full overflow-hidden"
      >
        <div
          className="h-44 lg:h-96 box-border whitespace-nowrap overflow-x-auto overflow-y-hidden"
          id="Menu"
        >
          <div
            className="relative inline-block w-11/12 lg:w-2/6 h-40 lg:h-80 box-border mx-2 lg:mx-12"
            id={0}
            onClick={[Function]}
          >
            <img
              alt="Background"
              className="rounded-lg absolute h-full w-full cursor-pointer"
              src="Tech.svg"
            />
            <div
              className="w-24 lg:w-44 p-2 rounded-lg text-center whitespace-normal cursor-pointer absolute bottom-6 left-2 lg:bottom-8 lg:left-4 text-white text-xs lg:text-paragraph bg-black bg-opacity-50"
            >
              Mental Health & Technology
            </div>
          </div>
          <div
            className="relative inline-block w-11/12 lg:w-2/6 h-40 lg:h-80 box-border mx-2 lg:mx-12"
            id={1}
            onClick={[Function]}
          >
            <img
              alt="Background"
              className="rounded-lg absolute h-full w-full cursor-pointer"
              src="Trauma.svg"
            />
            <div
              className="w-24 lg:w-44 p-2 rounded-lg text-center whitespace-normal cursor-pointer absolute bottom-6 left-2 lg:bottom-8 lg:left-4 text-white text-xs lg:text-paragraph bg-black bg-opacity-50"
            >
              Healing Trauma
            </div>
          </div>
          <div
            className="relative inline-block w-11/12 lg:w-2/6 h-40 lg:h-80 box-border mx-2 lg:mx-12"
            id={2}
            onClick={[Function]}
          >
            <img
              alt="Background"
              className="rounded-lg absolute h-full w-full cursor-pointer"
              src="Tech.svg"
            />
            <div
              className="w-24 lg:w-44 p-2 rounded-lg text-center whitespace-normal cursor-pointer absolute bottom-6 left-2 lg:bottom-8 lg:left-4 text-white text-xs lg:text-paragraph bg-black bg-opacity-50"
            >
              Mental Health & Technology
            </div>
          </div>
          <div
            className="relative inline-block w-11/12 lg:w-2/6 h-40 lg:h-80 box-border mx-2 lg:mx-12"
            id={3}
            onClick={[Function]}
          >
            <img
              alt="Background"
              className="rounded-lg absolute h-full w-full cursor-pointer"
              src="Trauma.svg"
            />
            <div
              className="w-24 lg:w-44 p-2 rounded-lg text-center whitespace-normal cursor-pointer absolute bottom-6 left-2 lg:bottom-8 lg:left-4 text-white text-xs lg:text-paragraph bg-black bg-opacity-50"
            >
              Healing Trauma
            </div>
          </div>
          <div
            className="relative inline-block w-11/12 lg:w-2/6 h-40 lg:h-80 box-border mx-2 lg:mx-12"
            id={4}
            onClick={[Function]}
          >
            <img
              alt="Background"
              className="rounded-lg absolute h-full w-full cursor-pointer"
              src="Tech.svg"
            />
            <div
              className="w-24 lg:w-44 p-2 rounded-lg text-center whitespace-normal cursor-pointer absolute bottom-6 left-2 lg:bottom-8 lg:left-4 text-white text-xs lg:text-paragraph bg-black bg-opacity-50"
            >
              Mental Health & Technology
            </div>
          </div>
          <div
            className="relative inline-block w-11/12 lg:w-2/6 h-40 lg:h-80 box-border mx-2 lg:mx-12"
            id={5}
            onClick={[Function]}
          >
            <img
              alt="Background"
              className="rounded-lg absolute h-full w-full cursor-pointer"
              src="Trauma.svg"
            />
            <div
              className="w-24 lg:w-44 p-2 rounded-lg text-center whitespace-normal cursor-pointer absolute bottom-6 left-2 lg:bottom-8 lg:left-4 text-white text-xs lg:text-paragraph bg-black bg-opacity-50"
            >
              Healing Trauma
            </div>
          </div>
        </div>
      </div>
      <button
        className="ml-2 lg:ml-4 h-10 lg:h-12 w-10 lg:w-12 px-3 bg-white rounded-lg border-2 border-black hover:bg-blue-dark"
        onClick={[Function]}
        type="button"
      >
        <img
          alt="Previous"
          src="Next.svg"
        />
      </button>
    </div>
  </div>,
  <div
    className="flex flex-col justify-evenly px-sides"
  >
    <div
      className="pb-16 pt-8"
    >
      <h1
        className="text-xl md:text-4xl xl:text-title uppercase"
      >
        Purchase tickets
      </h1>
      <h3
        className="text-xs md:text-lg lg:text-subtitle text-opacity-75 mb-4 md:my-2"
      >
        purchase tickets that can be used to book appointments!
      </h3>
    </div>
    <div
      className="flex flex-col md:flex-row items-center md:items-start md:justify-around"
    >
      <div
        className="flex flex-col max-w-sm items-center shadow-lg rounded-lg h-full w-11/12 md:w-1/3 my-6 md:my-0 md:mx-2 p-2 lg:py-6 lg:px-12"
      >
        <h3
          className="text-center text-xl  lg:text-3xl 2xl:text-title pb-1 capitalize"
        >
          5 Tickets
        </h3>
        <p
          className="text-opacity-50 text-black text-center text-sm md:text-md lg:text-paragraph py-4"
        >
          10$
        </p>
        <button
          className="bg-blue-dark py-2 px-4 uppercase text-paragraph border text-black hover:bg-transparent hover:border-blue-dark hover:text-blue-dark  transition-all duration-200 rounded-md"
          type="button"
        >
          Purchase
        </button>
      </div>
      <div
        className="flex flex-col max-w-sm items-center shadow-lg rounded-lg h-full w-11/12 md:w-1/3 my-6 md:my-0 md:mx-2 p-2 lg:py-6 lg:px-12"
      >
        <h3
          className="text-center text-xl  lg:text-3xl 2xl:text-title pb-1 capitalize"
        >
          25 Tickets
        </h3>
        <p
          className="text-opacity-50 text-black text-center text-sm md:text-md lg:text-paragraph py-4"
        >
          40$
        </p>
        <button
          className="bg-blue-dark py-2 px-4 uppercase text-paragraph border text-black hover:bg-transparent hover:border-blue-dark hover:text-blue-dark  transition-all duration-200 rounded-md"
          type="button"
        >
          Purchase
        </button>
      </div>
      <div
        className="flex flex-col max-w-sm items-center shadow-lg rounded-lg h-full w-11/12 md:w-1/3 my-6 md:my-0 md:mx-2 p-2 lg:py-6 lg:px-12"
      >
        <h3
          className="text-center text-xl  lg:text-3xl 2xl:text-title pb-1 capitalize"
        >
          50 Tickets
        </h3>
        <p
          className="text-opacity-50 text-black text-center text-sm md:text-md lg:text-paragraph py-4"
        >
          70$
        </p>
        <button
          className="bg-blue-dark py-2 px-4 uppercase text-paragraph border text-black hover:bg-transparent hover:border-blue-dark hover:text-blue-dark  transition-all duration-200 rounded-md"
          type="button"
        >
          Purchase
        </button>
      </div>
    </div>
    <div
      className="flex flex-col justify-around my-16 px-4 lg:px-8 rounded-lg"
      style={
        Object {
          "boxShadow": "0px 4px 12px 4px rgba(178, 171, 171, 0.25)",
        }
      }
    >
      <h1
        className="text-2xl md:text-4xl lg:text-title uppercase mx-auto py-4"
      >
        are you a counselor?
      </h1>
      <p
        className="text-sm md:text-md lg:text-subtitle text-justify md:text-center text-opacity-50 my-4 "
      >
        Interested in joining our mental health platform? You decide your schedule and how much you want to work, we’ll take care of the client referrals and billing details!
      </p>
      <div
        className="text-center my-8"
      >
        <button
          className="bg-blue-dark py-2 px-4 uppercase text-paragraph border text-black hover:bg-transparent hover:border-blue-dark hover:text-blue-dark  transition-all duration-200 rounded-md"
          type="button"
        >
          learn more
        </button>
      </div>
    </div>
  </div>,
]
`;
