// Jest Snapshot v1, https://goo.gl/fbAQLP

exports[`Ticket Section renders correctly 1`] = `
<div
  className="flex flex-col justify-evenly px-sides"
>
  <div
    className="pb-16 pt-8"
  >
    <h1
      className="text-xl md:text-4xl xl:text-title uppercase"
    >
      Purchase tickets
    </h1>
    <h3
      className="text-xs md:text-lg lg:text-subtitle text-opacity-75 mb-4 md:my-2"
    >
      purchase tickets that can be used to book appointments!
    </h3>
  </div>
  <div
    className="flex flex-col md:flex-row items-center md:items-start md:justify-around"
  >
    <div
      className="flex flex-col max-w-sm items-center shadow-lg rounded-lg h-full w-11/12 md:w-1/3 my-6 md:my-0 md:mx-2 p-2 lg:py-6 lg:px-12"
    >
      <h3
        className="text-center text-xl  lg:text-3xl 2xl:text-title pb-1 capitalize"
      >
        5 Tickets
      </h3>
      <p
        className="text-opacity-50 text-black text-center text-sm md:text-md lg:text-paragraph py-4"
      >
        10$
      </p>
      <button
        className="bg-blue-dark py-2 px-4 uppercase text-paragraph border text-black hover:bg-transparent hover:border-blue-dark hover:text-blue-dark  transition-all duration-200 rounded-md"
        type="button"
      >
        Purchase
      </button>
    </div>
    <div
      className="flex flex-col max-w-sm items-center shadow-lg rounded-lg h-full w-11/12 md:w-1/3 my-6 md:my-0 md:mx-2 p-2 lg:py-6 lg:px-12"
    >
      <h3
        className="text-center text-xl  lg:text-3xl 2xl:text-title pb-1 capitalize"
      >
        25 Tickets
      </h3>
      <p
        className="text-opacity-50 text-black text-center text-sm md:text-md lg:text-paragraph py-4"
      >
        40$
      </p>
      <button
        className="bg-blue-dark py-2 px-4 uppercase text-paragraph border text-black hover:bg-transparent hover:border-blue-dark hover:text-blue-dark  transition-all duration-200 rounded-md"
        type="button"
      >
        Purchase
      </button>
    </div>
    <div
      className="flex flex-col max-w-sm items-center shadow-lg rounded-lg h-full w-11/12 md:w-1/3 my-6 md:my-0 md:mx-2 p-2 lg:py-6 lg:px-12"
    >
      <h3
        className="text-center text-xl  lg:text-3xl 2xl:text-title pb-1 capitalize"
      >
        50 Tickets
      </h3>
      <p
        className="text-opacity-50 text-black text-center text-sm md:text-md lg:text-paragraph py-4"
      >
        70$
      </p>
      <button
        className="bg-blue-dark py-2 px-4 uppercase text-paragraph border text-black hover:bg-transparent hover:border-blue-dark hover:text-blue-dark  transition-all duration-200 rounded-md"
        type="button"
      >
        Purchase
      </button>
    </div>
  </div>
  <div
    className="flex flex-col justify-around my-16 px-4 lg:px-8 rounded-lg"
    style={
      Object {
        "boxShadow": "0px 4px 12px 4px rgba(178, 171, 171, 0.25)",
      }
    }
  >
    <h1
      className="text-2xl md:text-4xl lg:text-title uppercase mx-auto py-4"
    >
      are you a counselor?
    </h1>
    <p
      className="text-sm md:text-md lg:text-subtitle text-justify md:text-center text-opacity-50 my-4 "
    >
      Interested in joining our mental health platform? You decide your schedule and how much you want to work, weâ€™ll take care of the client referrals and billing details!
    </p>
    <div
      className="text-center my-8"
    >
      <button
        className="bg-blue-dark py-2 px-4 uppercase text-paragraph border text-black hover:bg-transparent hover:border-blue-dark hover:text-blue-dark  transition-all duration-200 rounded-md"
        type="button"
      >
        learn more
      </button>
    </div>
  </div>
</div>
`;
