// Jest Snapshot v1, https://goo.gl/fbAQLP

exports[`renders correctly 1`] = `
Array [
  <div
    className="h-firstsection pt-navbar px-sides flex flex-col justify-evenly w-full"
  >
    <div>
      <div
        className="text-2xl sm:text-title sm:mb-0 mb-3"
      >
        SEND US YOUR REQUEST!
      </div>
      <div
        className="sm:text-subtitle sm:mb-0 mb-10  text-gray-700 md:text-sm lg:text-xl lg:text-gray-700 lg:text-subtitle md:mt-5 md:flex-col md:justify-evenly md:flex"
      >
        Do you have a question, concern, idea, feedback, or problem? If you need assistance, please fill out the form below and we'd be happy to help!
      </div>
    </div>
    <div
      className="flex justify-between sm:flex-row flex-col"
    >
      <div>
        <div
          className="text-subtitle mb-4 text-sm sm:text-lg"
        >
          Type of Contact
        </div>
        <div
          className="flex flex-col justify-between"
        >
          <div
            className="flex ml-4 my-2 "
          >
            <input
              className="my-2 mr-4"
              name="ContactRadio"
              type="radio"
            />
            <div
              className="text-paragraph sm:text-lg text-xm"
            >
              I have a question about the service.
            </div>
          </div>
          <div
            className="flex ml-4 my-2 "
          >
            <input
              className="my-2 mr-4"
              name="ContactRadio"
              type="radio"
            />
            <div
              className="text-paragraph sm:text-lg text-xm"
            >
              I'm a registered client and I need support.
            </div>
          </div>
          <div
            className="flex ml-4 my-2 "
          >
            <input
              className="my-2 mr-4"
              name="ContactRadio"
              type="radio"
            />
            <div
              className="text-paragraph sm:text-lg text-xm"
            >
              I'm a counselor interested in joining.
            </div>
          </div>
          <div
            className="flex ml-4 my-2 "
          >
            <input
              className="my-2 mr-4"
              name="ContactRadio"
              type="radio"
            />
            <div
              className="text-paragraph sm:text-lg text-xm"
            >
              I'm a counselor interested in joining.
            </div>
          </div>
          <div
            className="flex ml-4 my-2 "
          >
            <input
              className="my-2 mr-4"
              name="ContactRadio"
              type="radio"
            />
            <div
              className="text-paragraph sm:text-lg text-xm"
            >
              I'm a registered counselor and I need support.
            </div>
          </div>
          <div
            className="flex ml-4 my-2 "
          >
            <input
              className="my-2 mr-4"
              name="ContactRadio"
              type="radio"
            />
            <div
              className="text-paragraph sm:text-lg text-xm"
            >
              I'm interested in Healing Online for my organization.
            </div>
          </div>
          <div
            className="flex ml-4 my-2 "
          >
            <input
              className="my-2 mr-4"
              name="ContactRadio"
              type="radio"
            />
            <div
              className="text-paragraph sm:text-lg text-xm"
            >
              I have a billing related question.
            </div>
          </div>
        </div>
      </div>
      <img
        alt="contact pic"
        className="sm:block hidden"
        src="ContactPic.svg"
      />
    </div>
  </div>,
  <div
    className="flex flex-col px-sides sm:mt-0 mt-20 h-section items-center sm:flex-row w-full"
  >
    <form
      className="flex flex-col sm:w-1/2 w-full"
    >
      <div
        className="mb-8"
      >
        <label
          className="mb-2  block text-paragraph"
        >
          Full Name:
        </label>
        <input
          className="p-2 w-3/4 text-paragraph text-gray-700 rounded-lg border-2 border-gray-400 shadow-lg"
          placeholder="Enter your full name"
        />
      </div>
      <div
        className="mb-8"
      >
        <label
          className="mb-2 block text-paragraph"
        >
          Email:
        </label>
        <input
          className="p-2 w-3/4 text-paragraph text-gray-700 rounded-lg border-2 border-gray-400 shadow-lg"
          placeholder="Enter your email address"
        />
      </div>
      <div
        className="mb-8"
      >
        <label
          className="mb-2 block text-paragraph"
        >
          Details:
        </label>
        <textarea
          className="p-2 w-3/4 h-52 text-paragraph text-gray-700 rounded-lg border-2 border-gray-400 shadow-lg"
          placeholder="Enter your details here..."
        />
      </div>
      <button
        className="w-32 h-12 text-subtitle bg-blue-dark rounded-lg border-2 border-transparent hover:bg-white hover:text-blue-dark hover:border-blue-dark"
        type="submit"
      >
        Submit
      </button>
    </form>
    <div
      className="sm:w-1/2 w-full flex justify-center "
    >
      <div
        className="bg-blue-light rounded-lg p-6 sm:w-72 w-56 h-64  "
      >
        <div
          className="text-subtitle mb-4"
        >
          Find Us At:
        </div>
        <div
          className="text-paragraph text-gray-700"
        >
          Nergiz Plaza
        </div>
        <div
          className="text-paragraph text-gray-700"
        >
          3rd Floor
        </div>
        <div
          className="text-paragraph text-gray-700"
        >
          Bakhtiyari Street 40m
        </div>
        <div
          className="text-paragraph text-gray-700"
        >
          Erbil, Iraq
        </div>
        <div
          className="text-paragraph text-gray-700"
        >
          44001
        </div>
      </div>
    </div>
  </div>,
]
`;
