// Jest Snapshot v1, https://goo.gl/fbAQLP

exports[`Credit Card renders correctly 1`] = `
<div
  className="relative inline-block w-full lg:w-1/3 h-40 lg:h-80 box-border mx-2 lg:mx-12"
  onClick={[Function]}
>
  <img
    alt="Background"
    className="border-8 rounded-lg border-dashed absolute top-4 lg:top-0 w-full cursor-pointer border-transparent"
    src="C3.svg"
  />
  <img
    alt="Logo"
    className="w-8 lg:w-auto cursor-pointer absolute top-8 right-4 lg:top-11 lg:right-6"
    src="VisaLogo.svg"
  />
  <div
    className="cursor-pointer absolute top-8 left-4 lg:top-12 lg:left-12 text-white text-sm lg:text-paragraph"
  />
  <div
    className="cursor-pointer absolute top-16 left-4 lg:top-32 lg:left-12 text-white text-sm lg:text-paragraph"
  />
  <div
    className="cursor-pointer absolute top-24 left-4 lg:top-52 lg:left-12 text-white text-sm lg:text-paragraph"
  />
</div>
`;
