// Jest Snapshot v1, https://goo.gl/fbAQLP

exports[`renders correctly 1`] = `
<div
  className="pt-navbar px-sides  pb-24"
>
  <div
    className="flex flex-col lg:flex-row"
  >
    <div
      className="flex flex-col"
    >
      <div
        className="uppercase text-3xl lg:text-title mt-8 whitespace-nowrap"
      >
        Why work with Healing?
      </div>
      <div
        className="text-jusfify space-y-6 w-3/4 mt-8"
      >
        <p
          className="lg:text-subtitle text-lg"
        >
          Reliable Income
        </p>
        <p
          className="lg:text-paragraph text-justify text-gray-700"
        >
          Over 10,000 people sign up on BetterHelp every day looking for a counselor to help with lifeâ€™s challenges. BetterHelp can be your main source of income ("full time") or a supplement to your current work.
        </p>
      </div>
      <div
        className="text-jusfify space-y-6 w-3/4 mt-8"
      >
        <p
          className="lg:text-subtitle text-lg"
        >
          Focus on Counseling
        </p>
        <p
          className="lg:text-paragraph text-justify text-gray-700"
        >
          No need to worry about costs from acquiring clients, billing, support or operations. Let us handle the fees and paperwork so you can focus on what you do best!
        </p>
      </div>
    </div>
    <img
      alt="illustration"
      className="object-scale-down lg:h-60 w-full lg:mt-60"
      src="Frame.svg"
    />
  </div>
  <div
    className="space-y-6 mt-8"
  >
    <div>
      <p
        className="lg:text-title space-y-6 text-3xl"
      >
        Requirements
      </p>
      <ul
        className="text-jusfify w-3/4 lg:text-paragraph mt-8 list-disc px pl-12 text-gray-700"
      >
        <li>
          Licensed by a State Board to provide counseling
        </li>
        <li>
          Experience in counseling for adults, couples, and/or teens
        </li>
        <li>
          Excellent writing skills
        </li>
        <li>
          Reliable Internet connection
        </li>
        <li>
          Currently residing in the US
        </li>
      </ul>
    </div>
    <button
      className="self-center lg:w-1/6 h-12 text-lg lg:text-subtitle bg-blue-dark rounded-lg border-2 border-transparent hover:bg-white hover:text-blue-dark hover:border-blue-dark px-100 uppercase"
      type="button"
    >
      Get Started
    </button>
  </div>
</div>
`;
