// Jest Snapshot v1, https://goo.gl/fbAQLP

exports[`renders correctly 1`] = `
<div
  className="bg-yellow-primary px-sides h-2/5 flex flex-col justify-evenly py-4"
>
  <div
    className="text-3xl lg:text-title"
  >
    OUR HIRING PHILOSOPHY
  </div>
  <div
    className="text-xl lg:text-subtitle text-gray-600 mt-4 text-justify"
  >
    To build the very best SEO tools, we need a workforce that reflects the diversity of our communities and customers. We want Online Therapy to be a place where everyone feels welcome and engaged, bar none. It's our mission and promise to interview a diverse and representative slate of candidates before making an offer for our open roles.
  </div>
</div>
`;
