// Jest Snapshot v1, https://goo.gl/fbAQLP

exports[`renders correctly 1`] = `
<div
  className="flex flex-col justify-between w-11/12 border-b-2 border-gray-700 mb-6 py-4"
>
  <div>
    <div
      className="text-blue-dark text-lg lg:text-subtitle"
    />
    <div
      className="text-gray-700 text-base lg:text-paragraph"
    />
  </div>
  <div
    className="flex flex-col"
  >
    <div
      className="text-lg lg:text-subtitle text-blue-dark"
    />
    <div
      className="text-gray-700 text-base lg:text-paragraph"
    />
  </div>
</div>
`;
