// Jest Snapshot v1, https://goo.gl/fbAQLP

exports[`Blog Images renders correctly 1`] = `
<div
  className="flex items-center lg:h-firstsection px-sides pt-24 lg:pt-navbar"
>
  <img
    alt="Blog"
    className="w-full"
  />
</div>
`;
