// Jest Snapshot v1, https://goo.gl/fbAQLP

exports[`Recommended renders correctly 1`] = `
<div
  className="px-sides lg:h-section flex flex-col justify-around"
>
  <div
    className="flex flex-col justify-between items-start lg:h-40"
  >
    <div>
      <div
        className="text-3xl lg:text-title leading-tight"
      >
        Sign Up For The Healing Blog
      </div>
      <div
        className="text-lg lg:text-paragraph text-gray-700"
      >
        Weekly, Ad-Free Blogs That Help You Stay In The Know!
      </div>
    </div>
    <div
      className="flex  border-2 border-gray-600 h-12 rounded-lg"
    >
      <input
        className="w-64 p-2 rounded-l-md"
        placeholder="Enter your E-Mail"
        type="email"
      />
      <button
        className="border-0 border-l-2 border-gray-600 p-2 bg-blue-dark rounded-r-md"
        type="button"
      >
        <img
          alt="Send"
          src="Send.svg"
        />
      </button>
    </div>
  </div>
  <div>
    <div
      className="uppercase text-xl lg:text-subtitle mt-8 lg:mt-0 lg:mb-8"
    >
      recommended for you
    </div>
    <div
      className="h-96 lg:h-auto flex flex-col lg:flex-row justify-evenly lg:justify-between"
    >
      <img
        alt="blog2"
        className="cursor-pointer border-4 border-transparent border-dashed hover:border-blue-dark w-full lg:mr-8"
        src="Blog2.svg"
      />
      <img
        alt="blog1"
        className="cursor-pointer border-4 border-transparent border-dashed hover:border-blue-dark w-full"
        src="Blog1.svg"
      />
    </div>
  </div>
</div>
`;
