// Jest Snapshot v1, https://goo.gl/fbAQLP

exports[`renders correctly 1`] = `
<div
  className="flex items-center my-6"
>
  <label
    className="text-subtitle capitalize inline-block w-1/3"
  />
  <div
    className="w-2/3 inline-flex items-center border border-black border-opacity-20 rounded-lg pl-4"
  >
    <input
      className="w-11/12 h-full outline-none py-3"
    />
  </div>
</div>
`;
