// Jest Snapshot v1, https://goo.gl/fbAQLP

exports[`Security Section renders correctly 1`] = `
<form
  className="my-16"
>
  <h1
    className="text-title uppercase"
  >
    security
  </h1>
  <div
    className="flex items-center my-6"
  >
    <label
      className="text-subtitle capitalize inline-block w-1/3"
      htmlFor="password"
    >
      password
    </label>
    <div
      className="w-2/3 inline-flex items-center border border-black border-opacity-20 rounded-lg pl-4"
    >
      <input
        className="w-11/12 h-full outline-none py-3"
        id="password"
        name="password"
        type="password"
      />
      <button
        type="button"
      >
        <img
          alt="profileIcon"
          src="LockIcon.svg"
        />
      </button>
    </div>
  </div>
  <div
    className="flex items-center my-6"
  >
    <label
      className="text-subtitle capitalize inline-block w-1/3"
      htmlFor="confirm-password"
    >
      confirm password
    </label>
    <div
      className="w-2/3 inline-flex items-center border border-black border-opacity-20 rounded-lg pl-4"
    >
      <input
        className="w-11/12 h-full outline-none py-3"
        id="confirm-password"
        name="confirm-password"
        type="password"
      />
      <button
        type="button"
      >
        <img
          alt="profileIcon"
          src="LockIcon.svg"
        />
      </button>
    </div>
  </div>
</form>
`;
