// Jest Snapshot v1, https://goo.gl/fbAQLP

exports[`renders correctly 1`] = `
<div
  className="flex flex-col justify-evenly h-firstsection pt-navbar px-sides"
>
  <div>
    <div
      className="text-3xl lg:text-title"
    >
      SELECT CARD
    </div>
    <div
      className="text-xl lg:text-subtitle text-gray-700"
    >
      Please select the card you want to buy the tickets with
    </div>
  </div>
  <div
    className="flex justify-between items-center"
  >
    <button
      className="mr-2 lg:mr-4 h-10 lg:h-12 w-10 lg:w-12 px-3 bg-white rounded-lg border-2 border-black hover:bg-blue-dark"
      onClick={[Function]}
      type="button"
    >
      <img
        alt="Previous"
        src="Prev.svg"
      />
    </button>
    <div
      className="relative h-40 lg:h-80 w-full overflow-hidden"
    >
      <div
        className="h-44 lg:h-96 box-border whitespace-nowrap overflow-x-auto overflow-y-hidden"
        id="Menu"
      >
        <div
          className="relative inline-block w-full lg:w-1/3 h-40 lg:h-80 box-border mx-2 lg:mx-12"
          id={0}
          onClick={[Function]}
        >
          <img
            alt="Background"
            className="border-8 rounded-lg border-dashed absolute top-4 lg:top-0 w-full cursor-pointer border-transparent"
            src="C1.svg"
          />
          <img
            alt="Logo"
            className="w-8 lg:w-auto cursor-pointer absolute top-8 right-4 lg:top-11 lg:right-6"
            src="MasterLogo.svg"
          />
          <div
            className="cursor-pointer absolute top-8 left-4 lg:top-12 lg:left-12 text-white text-sm lg:text-paragraph"
          >
            04/2025
          </div>
          <div
            className="cursor-pointer absolute top-16 left-4 lg:top-32 lg:left-12 text-white text-sm lg:text-paragraph"
          >
            1234 1234 1234 1234
          </div>
          <div
            className="cursor-pointer absolute top-24 left-4 lg:top-52 lg:left-12 text-white text-sm lg:text-paragraph"
          >
            John Doe
          </div>
          <button
            className="absolute bottom-7 right-4 h-6 w-12 lg:bottom-9 lg:right-4 lg:h-12 lg:w-28 text-xs lg:text-subtitle text-white bg-blue-dark rounded-lg border-2 border-transparent hover:bg-white hover:text-blue-dark hover:border-blue-dark"
            type="button"
          >
            DELETE
          </button>
        </div>
        <div
          className="relative inline-block w-full lg:w-1/3 h-40 lg:h-80 box-border mx-2 lg:mx-12"
          id={1}
          onClick={[Function]}
        >
          <img
            alt="Background"
            className="border-8 rounded-lg border-dashed absolute top-4 lg:top-0 w-full cursor-pointer border-transparent"
            src="C2.svg"
          />
          <img
            alt="Logo"
            className="w-8 lg:w-auto cursor-pointer absolute top-8 right-4 lg:top-11 lg:right-6"
            src="VisaLogo.svg"
          />
          <div
            className="cursor-pointer absolute top-8 left-4 lg:top-12 lg:left-12 text-white text-sm lg:text-paragraph"
          >
            04/2025
          </div>
          <div
            className="cursor-pointer absolute top-16 left-4 lg:top-32 lg:left-12 text-white text-sm lg:text-paragraph"
          >
            1234 1234 1234 1234
          </div>
          <div
            className="cursor-pointer absolute top-24 left-4 lg:top-52 lg:left-12 text-white text-sm lg:text-paragraph"
          >
            John Doe
          </div>
          <button
            className="absolute bottom-7 right-4 h-6 w-12 lg:bottom-9 lg:right-4 lg:h-12 lg:w-28 text-xs lg:text-subtitle text-white bg-blue-dark rounded-lg border-2 border-transparent hover:bg-white hover:text-blue-dark hover:border-blue-dark"
            type="button"
          >
            DELETE
          </button>
        </div>
        <div
          className="relative inline-block w-full lg:w-1/3 h-40 lg:h-80 box-border mx-2 lg:mx-12"
          id={2}
          onClick={[Function]}
        >
          <img
            alt="Background"
            className="border-8 rounded-lg border-dashed absolute top-4 lg:top-0 w-full cursor-pointer border-transparent"
            src="C3.svg"
          />
          <img
            alt="Logo"
            className="w-8 lg:w-auto cursor-pointer absolute top-8 right-4 lg:top-11 lg:right-6"
            src="MasterLogo.svg"
          />
          <div
            className="cursor-pointer absolute top-8 left-4 lg:top-12 lg:left-12 text-white text-sm lg:text-paragraph"
          >
            04/2025
          </div>
          <div
            className="cursor-pointer absolute top-16 left-4 lg:top-32 lg:left-12 text-white text-sm lg:text-paragraph"
          >
            1234 1234 1234 1234
          </div>
          <div
            className="cursor-pointer absolute top-24 left-4 lg:top-52 lg:left-12 text-white text-sm lg:text-paragraph"
          >
            John Doe
          </div>
          <button
            className="absolute bottom-7 right-4 h-6 w-12 lg:bottom-9 lg:right-4 lg:h-12 lg:w-28 text-xs lg:text-subtitle text-white bg-blue-dark rounded-lg border-2 border-transparent hover:bg-white hover:text-blue-dark hover:border-blue-dark"
            type="button"
          >
            DELETE
          </button>
        </div>
        <div
          className="relative inline-block w-full lg:w-1/3 h-40 lg:h-80 box-border mx-2 lg:mx-12"
          id={3}
          onClick={[Function]}
        >
          <img
            alt="Background"
            className="border-8 rounded-lg border-dashed absolute top-4 lg:top-0 w-full cursor-pointer border-transparent"
            src="C1.svg"
          />
          <img
            alt="Logo"
            className="w-8 lg:w-auto cursor-pointer absolute top-8 right-4 lg:top-11 lg:right-6"
            src="VisaLogo.svg"
          />
          <div
            className="cursor-pointer absolute top-8 left-4 lg:top-12 lg:left-12 text-white text-sm lg:text-paragraph"
          >
            04/2025
          </div>
          <div
            className="cursor-pointer absolute top-16 left-4 lg:top-32 lg:left-12 text-white text-sm lg:text-paragraph"
          >
            1234 1234 1234 1234
          </div>
          <div
            className="cursor-pointer absolute top-24 left-4 lg:top-52 lg:left-12 text-white text-sm lg:text-paragraph"
          >
            John Doe
          </div>
          <button
            className="absolute bottom-7 right-4 h-6 w-12 lg:bottom-9 lg:right-4 lg:h-12 lg:w-28 text-xs lg:text-subtitle text-white bg-blue-dark rounded-lg border-2 border-transparent hover:bg-white hover:text-blue-dark hover:border-blue-dark"
            type="button"
          >
            DELETE
          </button>
        </div>
        <div
          className="relative inline-block w-full lg:w-1/3 h-40 lg:h-80 box-border mx-2 lg:mx-12"
          id={4}
          onClick={[Function]}
        >
          <img
            alt="Background"
            className="border-8 rounded-lg border-dashed absolute top-4 lg:top-0 w-full cursor-pointer border-transparent"
            src="C2.svg"
          />
          <img
            alt="Logo"
            className="w-8 lg:w-auto cursor-pointer absolute top-8 right-4 lg:top-11 lg:right-6"
            src="MasterLogo.svg"
          />
          <div
            className="cursor-pointer absolute top-8 left-4 lg:top-12 lg:left-12 text-white text-sm lg:text-paragraph"
          >
            04/2025
          </div>
          <div
            className="cursor-pointer absolute top-16 left-4 lg:top-32 lg:left-12 text-white text-sm lg:text-paragraph"
          >
            1234 1234 1234 1234
          </div>
          <div
            className="cursor-pointer absolute top-24 left-4 lg:top-52 lg:left-12 text-white text-sm lg:text-paragraph"
          >
            John Doe
          </div>
          <button
            className="absolute bottom-7 right-4 h-6 w-12 lg:bottom-9 lg:right-4 lg:h-12 lg:w-28 text-xs lg:text-subtitle text-white bg-blue-dark rounded-lg border-2 border-transparent hover:bg-white hover:text-blue-dark hover:border-blue-dark"
            type="button"
          >
            DELETE
          </button>
        </div>
        <div
          className="relative inline-block w-full lg:w-1/3 h-40 lg:h-80 box-border mx-2 lg:mx-12"
          id={5}
          onClick={[Function]}
        >
          <img
            alt="Background"
            className="border-8 rounded-lg border-dashed absolute top-4 lg:top-0 w-full cursor-pointer border-transparent"
            src="C3.svg"
          />
          <img
            alt="Logo"
            className="w-8 lg:w-auto cursor-pointer absolute top-8 right-4 lg:top-11 lg:right-6"
            src="VisaLogo.svg"
          />
          <div
            className="cursor-pointer absolute top-8 left-4 lg:top-12 lg:left-12 text-white text-sm lg:text-paragraph"
          >
            04/2025
          </div>
          <div
            className="cursor-pointer absolute top-16 left-4 lg:top-32 lg:left-12 text-white text-sm lg:text-paragraph"
          >
            1234 1234 1234 1234
          </div>
          <div
            className="cursor-pointer absolute top-24 left-4 lg:top-52 lg:left-12 text-white text-sm lg:text-paragraph"
          >
            John Doe
          </div>
          <button
            className="absolute bottom-7 right-4 h-6 w-12 lg:bottom-9 lg:right-4 lg:h-12 lg:w-28 text-xs lg:text-subtitle text-white bg-blue-dark rounded-lg border-2 border-transparent hover:bg-white hover:text-blue-dark hover:border-blue-dark"
            type="button"
          >
            DELETE
          </button>
        </div>
      </div>
    </div>
    <button
      className="ml-2 lg:ml-4 h-10 lg:h-12 w-10 lg:w-12 px-3 bg-white rounded-lg border-2 border-black hover:bg-blue-dark"
      onClick={[Function]}
      type="button"
    >
      <img
        alt="Previous"
        src="Next.svg"
      />
    </button>
  </div>
  <div
    className="text-center self-center"
  >
    <div
      className="text-xl lg:text-subtitle self-center"
    >
      Click confirm to use the selected card to purchase 5 tickets for 10$
    </div>
    <button
      className="mt-8 w-52 lg:w-72 h-12 text-lg lg:text-subtitle bg-blue-dark rounded-lg border-2 border-transparent hover:bg-white hover:text-blue-dark hover:border-blue-dark"
      onClick={[Function]}
      type="button"
    >
      CONFIRM PURCHASE
    </button>
  </div>
</div>
`;
