// Jest Snapshot v1, https://goo.gl/fbAQLP

exports[`Booking7 renders correctly 1`] = `
<div
  className="h-firstsection px-sides pt-navbar"
>
  <h1
    className="text-2xl lg:text-title uppercase my-8"
  >
    Submit your appointment
  </h1>
  <h3
    className="text-md lg:text-subtitle opacity-50 text-justify"
  >
    Click Submit if you are sure of all your choices.
  </h3>
  <div
    className="flex flex-col justify-evenly items-center h-1/2 lg:h-2/3 w-full lg:max-w-3xl my-16 mx-auto p-8 shadow-md"
  >
    <h3
      className="text-xl lg:text-3xl capitalize"
    >
      submit appointment?
    </h3>
    <p
      className="text-sm lg:text-subtitle text-center"
    >
      Please be aware that this action will cost you a ticket!
    </p>
    <div
      className="flex justify-evenly mt-16 w-full"
    >
      <button
        className="uppercase bg-blue-dark h-12 w-32 text-md lg:text-subtitle rounded-lg border hover:bg-transparent hover:border-blue-dark hover:text-blue-dark transition duration-300"
        onClick={[Function]}
        type="button"
      >
        Back
      </button>
      <button
        className="uppercase bg-blue-dark h-12 w-32 text-md lg:text-subtitle rounded-lg border hover:bg-transparent hover:border-blue-dark hover:text-blue-dark transition-all duration-300"
        onClick={[Function]}
        type="button"
      >
        Submit
      </button>
    </div>
  </div>
</div>
`;
