// Jest Snapshot v1, https://goo.gl/fbAQLP

exports[`Booking4 renders correctly 1`] = `
<div
  className="px-sides pt-navbar"
>
  <h1
    className="text-3xl lg:text-title uppercase mb-4"
  >
    letâ€™s match you with the right therapist
  </h1>
  <h3
    className="text-md lg:text-subtitle opacity-50 text-justify"
  >
    Please fill out this short questionnaire to provide some general and anonymous background about you and the issues you'd like to deal with in online therapy. It would help us match you with the most suitable therapist for you.
  </h3>
  <div
    className="flex flex-col justify-evenly w-full md:max-w-md lg:max-w-2xl my-16 mx-auto px-8 py-4 shadow-md"
  >
    <div
      className="text-md lg:text-subtitle"
    >
      Are there any specific quality that you would prefer in a counselor?
    </div>
    <div
      className="flex flex-col justify-around my-8"
    >
      <div
        className="flex items-center"
      >
        <input
          id={1}
          name="counselor_options"
          type="radio"
          value="I prefer a Male counselor"
        />
        <label
          className="text-sm lg:text-paragraph ml-2"
          htmlFor={1}
        >
          I prefer a Male counselor
        </label>
      </div>
      <div
        className="flex items-center"
      >
        <input
          id={2}
          name="counselor_options"
          type="radio"
          value="I prefer a Female counselor"
        />
        <label
          className="text-sm lg:text-paragraph ml-2"
          htmlFor={2}
        >
          I prefer a Female counselor
        </label>
      </div>
      <div
        className="flex items-center"
      >
        <input
          id={3}
          name="counselor_options"
          type="radio"
          value="I prefer an Older(45+) counselor"
        />
        <label
          className="text-sm lg:text-paragraph ml-2"
          htmlFor={3}
        >
          I prefer an Older(45+) counselor
        </label>
      </div>
      <div
        className="flex items-center"
      >
        <input
          id={4}
          name="counselor_options"
          type="radio"
          value="I prefer a Non-Religious counselor"
        />
        <label
          className="text-sm lg:text-paragraph ml-2"
          htmlFor={4}
        >
          I prefer a Non-Religious counselor
        </label>
      </div>
      <div
        className="flex items-center"
      >
        <input
          id={5}
          name="counselor_options"
          type="radio"
          value="I prefer a Younger(30-) counselor"
        />
        <label
          className="text-sm lg:text-paragraph ml-2"
          htmlFor={5}
        >
          I prefer a Younger(30-) counselor
        </label>
      </div>
    </div>
    <div
      className="flex justify-between"
    >
      <button
        className="uppercase bg-blue-dark h-12 w-32 text-md lg:text-subtitle rounded-lg border hover:bg-transparent hover:border-blue-dark hover:text-blue-dark transition duration-300"
        type="button"
      >
        back
      </button>
      <button
        className="uppercase bg-blue-dark h-12 w-32 text-md lg:text-subtitle rounded-lg border hover:bg-transparent hover:border-blue-dark hover:text-blue-dark transition duration-300"
        type="button"
      >
        next
      </button>
    </div>
  </div>
</div>
`;
