// Jest Snapshot v1, https://goo.gl/fbAQLP

exports[`Booking2 renders correctly 1`] = `
<div
  className="h-firstsection px-sides pt-navbar"
>
  <h1
    className="text-3xl lg:text-title uppercase my-8"
  >
     
    letâ€™s match you with the right therapist
  </h1>
  <h3
    className="text-md lg:text-subtitle opacity-50 text-justify"
  >
    Please fill out this short questionnaire to provide some general and anonymous background about you and the issues you'd like to deal with in online therapy. It would help us match you with the most suitable therapist for you.
  </h3>
  <div
    className="flex flex-col justify-between w-full md:max-w-md lg:max-w-2xl my-16 mx-auto p-8 shadow-md"
  >
    <ul>
      <h1
        className="text-lg lg:text-subtitle"
      >
        What is your relationship status?
      </h1>
      <li
        className="my-4 p-4 lg:p-6 text-md lg:text-paragraph cursor-pointer bg-blue-dark text-white rounded-lg "
        value={1}
      >
        Single
      </li>
      <li
        className="my-4 p-4 lg:p-6 text-md lg:text-paragraph cursor-pointer bg-white border border-black border-opacity-20 rounded-lg "
        value={2}
      >
        Married
      </li>
      <li
        className="my-4 p-4 lg:p-6 text-md lg:text-paragraph cursor-pointer bg-white border border-black border-opacity-20 rounded-lg "
        value={3}
      >
        Divorced
      </li>
    </ul>
    <div
      className="flex justify-between mt-16"
    >
      <button
        className="uppercase bg-blue-dark h-12 w-32 text-md lg:text-subtitle rounded-lg border hover:bg-transparent hover:border-blue-dark hover:text-blue-dark transition duration-300"
        onClick={[Function]}
        type="button"
      >
        back
      </button>
      <button
        className="uppercase bg-blue-dark h-12 w-32 text-md lg:text-subtitle rounded-lg border hover:bg-transparent hover:border-blue-dark hover:text-blue-dark transition-all duration-300"
        onClick={[Function]}
        type="button"
      >
        next
      </button>
    </div>
  </div>
</div>
`;
