// Jest Snapshot v1, https://goo.gl/fbAQLP

exports[`Question Componenet renders correctly 1`] = `<ul />`;
